=== Function Metadata ===

Class: MatchingEngine

  Function: matchBuyOrder
  UUID: obLD1OX2Slt8jZ4PGis8TQ
  Description: Attempts to match an incoming buy order against resting sell orders using price-time priority. Business logic: Continuously retrieves the best (lowest) sell order from the book while the buy order has remaining quantity. For LIMIT buy orders, matching stops when the best sell price exceeds the buy limit price (buyer's maximum price constraint). For MARKET buy orders, matching continues until either fully filled or no sell orders remain. Each successful match executes at the resting sell order's price (price priority favors the maker). Fully filled sell orders are removed from the book after execution. This implements aggressive taking behavior where the incoming order 'walks the book' consuming liquidity at progressively worse prices until filled or stopped.

  Function: matchSellOrder
  UUID: ssPU5fanS1yNng8aKzxNXg
  Description: Attempts to match an incoming sell order against resting buy orders using price-time priority. Business logic: Continuously retrieves the best (highest) buy order from the book while the sell order has remaining quantity. For LIMIT sell orders, matching stops when the best buy price falls below the sell limit price (seller's minimum price constraint). For MARKET sell orders, matching continues until either fully filled or no buy orders remain. Each successful match executes at the resting buy order's price (price priority favors the maker). Fully filled buy orders are removed from the book after execution. This implements aggressive taking behavior where the incoming order 'walks the book' consuming liquidity at progressively worse prices until filled or stopped.

  Function: executeMatch
  UUID: w9Tl9qe4TF2eDxorPE1ebw
  Description: Executes a trade between an incoming order and a resting order, generating execution reports. Business logic: Calculates fill quantity as the minimum of both orders' remaining quantities, enabling partial fills. Updates both orders' cumulative and remaining quantities atomically. Execution occurs at the resting order's price (maker price), following standard price-time priority where the order already in the book gets price priority. Generates two execution reports (one for each side) with the same price and quantity but different cumulative quantities reflecting each order's total filled amount. These reports are essential for trade confirmation, position tracking, and regulatory reporting. Each match represents an atomic transaction ensuring both sides agree on price and quantity.

  Function: recordExecutionReport
  UUID: 5_al9qe4TF2eDxorPE1eaw
  Description: Records an execution report to the execution reports list. Business logic: Captures all order lifecycle events including fills, partial fills, and cancellations for audit trail and regulatory compliance. Each execution report documents a state change in an order's lifecycle with timestamp-ordered sequencing critical for trade reconstruction and dispute resolution.

  Function: addOrder
  UUID: 8KGyw9TlT1prfI2eDxorPA
  Description: Main entry point for processing incoming orders through the matching engine. Business logic: Routes buy and sell orders to their respective matching algorithms. After matching attempts, handles unfilled quantity based on order type: LIMIT orders with remaining quantity are added to the order book to rest at their specified price; MARKET orders with remaining quantity trigger a warning as they indicate insufficient liquidity (market orders should fill immediately or be rejected). This two-phase approach (match first, then rest) ensures orders receive immediate execution when possible while maintaining a resting book for price discovery.

Class: OrderBook

  Function: removeOrder
  UUID: 4_SltsfYTl8aKzxNXm96iw
  Description: Removes a fully filled order from the book and performs cleanup. Business logic: Locates the order at its price level and removes it from the FIFO queue. If the removal leaves the price level empty (no more orders at that price), the entire price level entry is removed from the TreeMap to prevent memory leaks and maintain efficient tree structure. Called by the matching engine after each order is fully filled. Critical for maintaining book accuracy and preventing re-matching of filled orders.

  Function: addOrder
  UUID: -KmwwdLjT1prfI2eDxorPA
  Description: Inserts an unfilled or partially filled order into the order book. Business logic: Orders are organized by price level, with each price level maintaining a FIFO queue. The buy side uses descending order (highest price first) while the sell side uses ascending order (lowest price first). If no orders exist at the given price, creates a new LinkedList for that price level. This structure enables efficient best price lookups and time-priority matching within each price level.

  Function: getBestBuy
  UUID: qbDB0uP0Slt8jZ4PGis8TQ
  Description: Retrieves the first order at the highest buy price (best bid). Business logic: Used by the matching engine to find the best counter-order for incoming sell orders. Returns the head of the FIFO queue at the best bid price level, ensuring time priority. Returns null if the buy side is empty or the price level queue is empty. This is called repeatedly during matching to process orders in price-time priority.

  Function: getBestSell
  UUID: sMHS4_SlS1yNng8aKzxNXg
  Description: Retrieves the first order at the lowest sell price (best ask). Business logic: Used by the matching engine to find the best counter-order for incoming buy orders. Returns the head of the FIFO queue at the best ask price level, ensuring time priority. Returns null if the sell side is empty or the price level queue is empty. This is called repeatedly during matching to process orders in price-time priority.

=== Execution Trace ===

O1 | ORDER_IN | O1 | BUY | LIMIT | qty=10 | price=100.50
O1 | CALL | 8KGyw9TlT1prfI2eDxorPA
O1 |   CALL | obLD1OX2Slt8jZ4PGis8TQ
O1 |     CALL | sMHS4_SlS1yNng8aKzxNXg
O1 |     BOOK_ADD | O1 | BUY | price=100.50 | remainingQty=10 | cumQty=0
O1 | SNAPSHOT | Buy: [100.50:10(1)] Sell: []
O2 | ORDER_IN | O2 | SELL | LIMIT | qty=5 | price=100.50
O2 | CALL | 8KGyw9TlT1prfI2eDxorPA
O2 |   CALL | ssPU5fanS1yNng8aKzxNXg
O2 |     CALL | qbDB0uP0Slt8jZ4PGis8TQ
O2 |     CALL | w9Tl9qe4TF2eDxorPE1ebw
O2 |         EXEC_REPORT | O2 | SELL | FULL_FILL | qty=5 | lastQty=5 | cumQty=5 | price=100.50
O2 |         EXEC_REPORT | O1 | BUY | PARTIAL_FILL | qty=10 | lastQty=5 | cumQty=5 | price=100.50
O2 | SNAPSHOT | Buy: [100.50:5(1)] Sell: []
O3 | ORDER_IN | O3 | BUY | MARKET | qty=3 | price=
O3 | CALL | 8KGyw9TlT1prfI2eDxorPA
O3 |   CALL | obLD1OX2Slt8jZ4PGis8TQ
O3 |     CALL | sMHS4_SlS1yNng8aKzxNXg
O3 |     EXEC_REPORT | O3 | BUY | CANCEL | qty=3 | lastQty=3 | cumQty=0 | price=
O3 | SNAPSHOT | Buy: [100.50:5(1)] Sell: []
O4 | ORDER_IN | O4 | SELL | LIMIT | qty=3 | price=100.60
O4 | CALL | 8KGyw9TlT1prfI2eDxorPA
O4 |   CALL | ssPU5fanS1yNng8aKzxNXg
O4 |     CALL | qbDB0uP0Slt8jZ4PGis8TQ
O4 |     BOOK_ADD | O4 | SELL | price=100.60 | remainingQty=3 | cumQty=0
O4 | SNAPSHOT | Buy: [100.50:5(1)] Sell: [100.60:3(1)]
BUY1 | ORDER_IN | BUY1 | BUY | LIMIT | qty=10 | price=99.00
BUY1 | CALL | 8KGyw9TlT1prfI2eDxorPA
BUY1 |   CALL | obLD1OX2Slt8jZ4PGis8TQ
BUY1 |     CALL | sMHS4_SlS1yNng8aKzxNXg
BUY1 |     BOOK_ADD | BUY1 | BUY | price=99.00 | remainingQty=10 | cumQty=0
BUY1 | SNAPSHOT | Buy: [100.50:5(1), 99.00:10(1)] Sell: [100.60:3(1)]
SELL1 | ORDER_IN | SELL1 | SELL | LIMIT | qty=10 | price=101.00
SELL1 | CALL | 8KGyw9TlT1prfI2eDxorPA
SELL1 |   CALL | ssPU5fanS1yNng8aKzxNXg
SELL1 |     CALL | qbDB0uP0Slt8jZ4PGis8TQ
SELL1 |     BOOK_ADD | SELL1 | SELL | price=101.00 | remainingQty=10 | cumQty=0
SELL1 | SNAPSHOT | Buy: [100.50:5(1), 99.00:10(1)] Sell: [100.60:3(1), 101.00:10(1)]
N/A | CALL | qbDB0uP0Slt8jZ4PGis8TQ
N/A | CALL | sMHS4_SlS1yNng8aKzxNXg
N/A | CALL | qbDB0uP0Slt8jZ4PGis8TQ
N/A | CALL | sMHS4_SlS1yNng8aKzxNXg
SELL1 | ORDER_IN | SELL1 | SELL | LIMIT | qty=5 | price=100.00
SELL1 | CALL | 8KGyw9TlT1prfI2eDxorPA
SELL1 |   CALL | ssPU5fanS1yNng8aKzxNXg
SELL1 |     CALL | qbDB0uP0Slt8jZ4PGis8TQ
SELL1 |     BOOK_ADD | SELL1 | SELL | price=100.00 | remainingQty=5 | cumQty=0
SELL1 | SNAPSHOT | Buy: [100.50:5(1), 99.00:10(1)] Sell: [100.00:5(1), 100.60:3(1), 101.00:10(1)]
SELL2 | ORDER_IN | SELL2 | SELL | LIMIT | qty=5 | price=101.00
SELL2 | CALL | 8KGyw9TlT1prfI2eDxorPA
SELL2 |   CALL | ssPU5fanS1yNng8aKzxNXg
SELL2 |     CALL | qbDB0uP0Slt8jZ4PGis8TQ
SELL2 |     BOOK_ADD | SELL2 | SELL | price=101.00 | remainingQty=5 | cumQty=0
SELL2 | SNAPSHOT | Buy: [100.50:5(1), 99.00:10(1)] Sell: [100.00:5(1), 100.60:3(1), 101.00:15(2)]
BUY1 | ORDER_IN | BUY1 | BUY | MARKET | qty=10 | price=
BUY1 | CALL | 8KGyw9TlT1prfI2eDxorPA
BUY1 |   CALL | obLD1OX2Slt8jZ4PGis8TQ
BUY1 |     CALL | sMHS4_SlS1yNng8aKzxNXg
BUY1 |     CALL | w9Tl9qe4TF2eDxorPE1ebw
BUY1 |         EXEC_REPORT | BUY1 | BUY | PARTIAL_FILL | qty=10 | lastQty=5 | cumQty=5 | price=100.00
BUY1 |         EXEC_REPORT | SELL1 | SELL | FULL_FILL | qty=5 | lastQty=5 | cumQty=5 | price=100.00
BUY1 |     CALL | 4_SltsfYTl8aKzxNXm96iw
BUY1 |     CALL | sMHS4_SlS1yNng8aKzxNXg
BUY1 |     CALL | w9Tl9qe4TF2eDxorPE1ebw
BUY1 |         EXEC_REPORT | BUY1 | BUY | FULL_FILL | qty=10 | lastQty=5 | cumQty=10 | price=101.00
BUY1 |         EXEC_REPORT | SELL2 | SELL | FULL_FILL | qty=5 | lastQty=5 | cumQty=5 | price=101.00
BUY1 |     CALL | 4_SltsfYTl8aKzxNXm96iw
BUY1 | SNAPSHOT | Buy: [100.50:5(1)] Sell: [100.60:3(1), 101.00:10(1)]
BUY1 | ORDER_IN | BUY1 | BUY | MARKET | qty=10 | price=
BUY1 | CALL | 8KGyw9TlT1prfI2eDxorPA
BUY1 |   CALL | obLD1OX2Slt8jZ4PGis8TQ
BUY1 |     CALL | sMHS4_SlS1yNng8aKzxNXg
BUY1 |     EXEC_REPORT | BUY1 | BUY | CANCEL | qty=10 | lastQty=10 | cumQty=0 | price=
BUY1 | SNAPSHOT | Buy: [100.50:5(1)] Sell: [100.60:3(1), 101.00:10(1)]
BUY1 | ORDER_IN | BUY1 | BUY | LIMIT | qty=10 | price=100.50
BUY1 | CALL | 8KGyw9TlT1prfI2eDxorPA
BUY1 |   CALL | obLD1OX2Slt8jZ4PGis8TQ
BUY1 |     CALL | sMHS4_SlS1yNng8aKzxNXg
BUY1 |     BOOK_ADD | BUY1 | BUY | price=100.50 | remainingQty=10 | cumQty=0
BUY1 | SNAPSHOT | Buy: [100.50:15(2)] Sell: [100.60:3(1), 101.00:10(1)]
SELL1 | ORDER_IN | SELL1 | SELL | LIMIT | qty=10 | price=100.50
SELL1 | CALL | 8KGyw9TlT1prfI2eDxorPA
SELL1 |   CALL | ssPU5fanS1yNng8aKzxNXg
SELL1 |     CALL | qbDB0uP0Slt8jZ4PGis8TQ
SELL1 |     CALL | w9Tl9qe4TF2eDxorPE1ebw
SELL1 |         EXEC_REPORT | SELL1 | SELL | FULL_FILL | qty=10 | lastQty=10 | cumQty=10 | price=100.50
SELL1 |         EXEC_REPORT | BUY1 | BUY | FULL_FILL | qty=10 | lastQty=10 | cumQty=10 | price=100.50
SELL1 |     CALL | 4_SltsfYTl8aKzxNXm96iw
SELL1 | SNAPSHOT | Buy: [100.50:5(1)] Sell: [100.60:3(1), 101.00:10(1)]
BUY1 | ORDER_IN | BUY1 | BUY | LIMIT | qty=20 | price=100.00
BUY1 | CALL | 8KGyw9TlT1prfI2eDxorPA
BUY1 |   CALL | obLD1OX2Slt8jZ4PGis8TQ
BUY1 |     CALL | sMHS4_SlS1yNng8aKzxNXg
BUY1 |     BOOK_ADD | BUY1 | BUY | price=100.00 | remainingQty=20 | cumQty=0
BUY1 | SNAPSHOT | Buy: [100.50:5(1), 100.00:20(1)] Sell: [100.60:3(1), 101.00:10(1)]
SELL1 | ORDER_IN | SELL1 | SELL | LIMIT | qty=8 | price=100.00
SELL1 | CALL | 8KGyw9TlT1prfI2eDxorPA
SELL1 |   CALL | ssPU5fanS1yNng8aKzxNXg
SELL1 |     CALL | qbDB0uP0Slt8jZ4PGis8TQ
SELL1 |     CALL | w9Tl9qe4TF2eDxorPE1ebw
SELL1 |         EXEC_REPORT | SELL1 | SELL | FULL_FILL | qty=8 | lastQty=8 | cumQty=8 | price=100.00
SELL1 |         EXEC_REPORT | BUY1 | BUY | PARTIAL_FILL | qty=20 | lastQty=8 | cumQty=8 | price=100.00
SELL1 | SNAPSHOT | Buy: [100.50:5(1), 100.00:12(1)] Sell: [100.60:3(1), 101.00:10(1)]
